ubuntu@ip-10-2-10-162:~$ mysql -h secondary.cbpaczmgtnff.us-east-1.rds.amazonaws.com -u root -p udacity
Enter password:
Reading table information for completion of table and column names
You can turn off this feature to get a quicker startup with -A

Welcome to the MySQL monitor.  Commands end with ; or \g.
Your MySQL connection id is 29
Server version: 8.0.23 Source distribution

Copyright (c) 2000, 2021, Oracle and/or its affiliates.

Oracle is a registered trademark of Oracle Corporation and/or its
affiliates. Other names may be trademarks of their respective
owners.

Type 'help;' or '\h' for help. Type '\c' to clear the current input statement.

mysql> select * from people;
+----+-----------+----------+
| ID | FirstName | LastName |
+----+-----------+----------+
|  1 | Michal    | Hynek    |
+----+-----------+----------+
1 row in set (0.01 sec)

mysql> insert into people values(2, 'John', 'Smith');
ERROR 2013 (HY000): Lost connection to MySQL server during query
No connection. Trying to reconnect...
Connection id:    7
Current database: udacity

Query OK, 1 row affected (0.04 sec)

mysql> select * from people;
+----+-----------+----------+
| ID | FirstName | LastName |
+----+-----------+----------+
|  1 | Michal    | Hynek    |
|  2 | John      | Smith    |
+----+-----------+----------+
2 rows in set (0.00 sec)

mysql> insert into people values(3, 'Jane', 'Smith');
Query OK, 1 row affected (0.01 sec)

mysql> select * from people;
+----+-----------+----------+
| ID | FirstName | LastName |
+----+-----------+----------+
|  1 | Michal    | Hynek    |
|  2 | John      | Smith    |
|  3 | Jane      | Smith    |
+----+-----------+----------+
3 rows in set (0.00 sec)

mysql>
